[34mdefault suite[0m
[31mx[0m jabberwock
  ([31mERROR[0m) [36mtests/terminal-output.lua[0m:[36m57[0m: I did a boo-boo
    stack traceback:
  	./loon/snap.lua:96: in upvalue 'yourAssert'
  	./loon/init.lua:494: in function 'loon.snap.output'
  	tests/terminal-output.lua:55: in function <tests/terminal-output.lua:22>
  	[C]: in function 'xpcall'
  	./loon/init.lua:164: in function <./loon/init.lua:148>
  	(...tail calls...)
  	./loon/init.lua:521: in function 'loon.run'
  	tests/terminal-output.lua:294: in main chunk
  	[C]: in ?
--------------------------
[32mpass[0m: [32m0[0m tests, [32m0[0m assertions
[31mfail[0m: [31m1[0m tests, [31m0[0m assertions
