[34mdefault suite[0m
[31mx[0m jabberwock
  ([31mERROR[0m) [36mtests/terminal-output.lua[0m:[36m66[0m: I did a boo-boo
    stack traceback:
  	loon/snap.lua:99: in upvalue 'yourAssert'
  	loon/init.lua:545: in function 'loon.snap.output'
  	tests/terminal-output.lua:64: in function <tests/terminal-output.lua:31>
  	[C]: in function 'xpcall'
  	loon/init.lua:179: in function <loon/init.lua:160>
  	(...tail calls...)
  	loon/init.lua:591: in function 'loon.run'
  	tests/[[path normalized for test]]
  	[C]: in ?
--------------------------
[32mpass[0m: [32m0[0m tests, [32m0[0m assertions
[31mfail[0m: [31m1[0m tests, [31m0[0m assertions
