[34mdefault suite[0m
[31mx[0m jabberwock
  ([31mERROR[0m) [36mtests/terminal-output.lua[0m:[36m[--][0m: I did a boo-boo
    stack traceback:
  	loon/snap.lua:[--]: in upvalue 'yourAssert'
  	loon/init.lua:[--]: in function 'loon.snap.output'
  	tests/terminal-output.lua:[--]: in function <tests/terminal-output.lua:[--]>
  	[C]: in function 'xpcall'
  	loon/init.lua:[--]: in function <loon/init.lua:[--]>
  	(...tail calls...)
  	loon/init.lua:[--]: in function 'loon.run'
  	tests/[[path normalized for test]]
  	[C]: in ?
--------------------------
[32mpass[0m: [32m0[0m tests, [32m0[0m assertions
[31mfail[0m: [31m1[0m tests, [31m0[0m assertions
