<?xml version="1.0" encoding="UTF-8"?>

<testsuites tests="1" failures="1" errors="1" assertions="0" skipped="0">
  <testsuite name="default">
    <properties><property name="Lua Version" value="Lua 5.4" /></properties>
    <testcase name="jabberwock" classname="default" assertions="0">
      <error message="tests/junit-output.lua:[--]: I did a boo-boo">
        <![CDATA[stack traceback:
	[C]: in function 'pcall'
	loon/snap.lua:[--]: in upvalue 'yourAssert'
	loon/loon.lua:[--]: in function 'loon.snap.output'
	tests/junit-output.lua:[--]: in function <tests/junit-output.lua:[--]>
	[C]: in function 'xpcall'
	loon/loon.lua:[--]: in function <loon/loon.lua:[--]>
	(...tail calls...)
	loon/loon.lua:[--]: in function 'loon.run'
	tests/[[path normalized for test]]
	[C]: in ?]]>
      </error>
    </testcase>
  </testsuite>
</testsuites>
