<?xml version="1.0" encoding="UTF-8"?>

<testsuites tests="2" failures="0" errors="0" assertions="2" skipped="0">
  <testsuite name="default">
    <properties><property name="Lua Version" value="Lua 5.1" /></properties>
    <testcase name="jabberwock" classname="default" assertions="1" />
    <testcase name="brillig" classname="default" assertions="1" />
  </testsuite>
</testsuites>
